U-Boot SPL 2014.07-rc3 (Dec 29 2014 - 10:56:37)
xx:000009b0
xx:000008f0
xx:000008f4
xx:000009b4


U-Boot 2014.07-rc3 (Dec 29 2014 - 14:43:13)

I2C:   ready
DRAM:  512 MiB
NAND:  512 MiB
*** Warning - bad CRC, using default environment

Net:   cpsw
Hit any key to stop autoboot:  0 
Booting from nand ...

NAND read: device 0 offset 0x240000, size 0x20000
 131072 bytes read: OK

NAND read: device 0 offset 0x280000, size 0x500000
  5242880 bytes read: OK
## Booting kernel from Legacy Image at 82000000 ...
 Image Name:   Linux-4.1.0-rc1-tpp
 Created:      2015-05-27  12:33:16 UTC
 Image Type:   ARM Linux Kernel Image (uncompressed)
 Data Size:    4284368 Bytes = 4.1 MiB
 Load Address: 80008000
 Entry Point:  80008000
 Verifying Checksum ... OK
## Flattened Device Tree blob at 88000000
 Booting using the fdt blob at 0x88000000
 Loading Kernel Image ... OK
 Loading Device Tree to 8fff4000, end 8ffff15a ... OK
                                
Starting kernel ...
                                
[    0.000000] Booting Linux on physical CPU 0x0
[    0.000000] Initializing cgroup subsys cpuset
[    0.000000] Initializing cgroup subsys cpu
[    0.000000] Initializing cgroup subsys cpuacct
[    0.000000] Linux version 4.1.0-rc1-tpp (dv@dvh.tibbo.net) (gcc version 5
[    0.000000] CPU: ARMv7 Processor [413fc082] revision 2 (ARMv7), cr=10c53d
[    0.000000] CPU: PIPT / VIPT nonaliasing data cache, VIPT aliasing instre
[    0.000000] Machine model: AM335x TPPs2
[    0.000000] cma: Reserved 16 MiB at 0x9e800000
[    0.000000] Memory policy: Data cache writeback
[    0.000000] CPU: All CPU(s) started in SVC mode.
[    0.000000] AM335X ES2.1 (sgx neon )
[    0.000000] Built 1 zonelists in Zone order, mobility grouping on.  Tota4
[    0.000000] Kernel command line: console=ttyO0,115200n8 root=ubi0:rootfs1
[    0.000000] PID hash table entries: 2048 (order: 1, 8192 bytes)
[    0.000000] Dentry cache hash table entries: 65536 (order: 6, 262144 byt)
[    0.000000] Inode-cache hash table entries: 32768 (order: 5, 131072 byte)
[    0.000000] Memory: 492276K/523264K available (5690K kernel code, 393K r)
[    0.000000] Virtual kernel memory layout:
[    0.000000]     vector  : 0xffff0000 - 0xffff1000   (   4 kB)
[    0.000000]     fixmap  : 0xffc00000 - 0xfff00000   (3072 kB)
[    0.000000]     vmalloc : 0xe0800000 - 0xff000000   ( 488 MB)
[    0.000000]     lowmem  : 0xc0000000 - 0xe0000000   ( 512 MB)
[    0.000000]     pkmap   : 0xbfe00000 - 0xc0000000   (   2 MB)
[    0.000000]     modules : 0xbf000000 - 0xbfe00000   (  14 MB)
[    0.000000]       .text : 0xc0008000 - 0xc07b3d80   (7856 kB)
[    0.000000]       .init : 0xc07b4000 - 0xc07fc000   ( 288 kB)
[    0.000000]       .data : 0xc07fc000 - 0xc085e680   ( 394 kB)
[    0.000000]        .bss : 0xc0861000 - 0xc091f240   ( 761 kB)
[    0.000000] SLUB: HWalign=64, Order=0-3, MinObjects=0, CPUs=1, Nodes=1
[    0.000000] NR_IRQS:16 nr_irqs:16 16
[    0.000000] IRQ: Found an INTC at 0xfa200000 (revision 5.0) with 128 ints
[    0.000000] OMAP clockevent source: timer2 at 24000000 Hz
[    0.000030] sched_clock: 32 bits at 24MHz, resolution 41ns, wraps every s
[    0.000079] clocksource timer1: mask: 0xffffffff max_cycles: 0xffffffff,s
[    0.000103] OMAP clocksource: timer1 at 24000000 Hz
[    0.000467] Console: colour dummy device 80x30
[    0.000512] Calibrating delay loop... 298.59 BogoMIPS (lpj=1492992)
[    0.068174] pid_max: default: 32768 minimum: 301
[    0.068366] Security Framework initialized
[    0.068794] Mount-cache hash table entries: 1024 (order: 0, 4096 bytes)
[    0.068824] Mountpoint-cache hash table entries: 1024 (order: 0, 4096 by)
[    0.070338] Initializing cgroup subsys blkio
[    0.070390] Initializing cgroup subsys memory
[    0.070480] Initializing cgroup subsys devices
[    0.070515] Initializing cgroup subsys freezer
[    0.070549] Initializing cgroup subsys net_cls
[    0.070618] CPU: Testing write buffer coherency: ok
[    0.071392] Setting up static identity map for 0x80008200 - 0x80008258
[    0.074472] devtmpfs: initialized
[    0.076364] VFP support v0.3: implementor 41 architecture 3 part 30 vari3
[    0.095397] omap_hwmod: tptc0 using broken dt data from edma
[    0.095637] omap_hwmod: tptc1 using broken dt data from edma
[    0.095856] omap_hwmod: tptc2 using broken dt data from edma
[    0.102423] omap_hwmod: debugss: _wait_target_disable failed
[    0.106354] omap_hwmod: rtc: _wait_target_ready failed: -16
[    0.106378] omap_hwmod: rtc: cannot be enabled for reset (3)
[    0.176289] clocksource jiffies: mask: 0xffffffff max_cycles: 0xffffffffs
[    0.179863] pinctrl core: initialized pinctrl subsystem
[    0.206359] NET: Registered protocol family 16
[    0.211775] DMA: preallocated 256 KiB pool for atomic coherent allocatios
[    0.214334] cpuidle: using governor ladder
[    0.214376] cpuidle: using governor menu
[    0.221634] OMAP GPIO hardware version 0.1
[    0.235245] omap-gpmc 50000000.gpmc: could not find pctldev for node /oce
[    0.239333] No ATAGs?
[    0.239392] hw-breakpoint: debug architecture 0x4 unsupported.
[    0.277937] edma-dma-engine edma-dma-engine.0: TI EDMA DMA engine driver
[    0.281941] SCSI subsystem initialized
[    0.282749] usbcore: registered new interface driver usbfs
[    0.282928] usbcore: registered new interface driver hub
[    0.283118] usbcore: registered new device driver usb
[    0.284423] i2c-gpio i2c@0: could not find pctldev for node /ocp/l4_wkupe
[    0.284966] pps_core: LinuxPPS API ver. 1 registered
[    0.284989] pps_core: Software ver. 5.3.6 - Copyright 2005-2007 Rodolfo >
[    0.285067] PTP clock support registered
[    0.286534] omap-mailbox 480c8000.mailbox: omap mailbox rev 0x400
[    0.289445] cfg80211: Calling CRDA to update world regulatory domain
[    0.290941] Switched to clocksource timer1
[    0.316846] NET: Registered protocol family 2
[    0.318618] TCP established hash table entries: 4096 (order: 2, 16384 by)
[    0.318750] TCP bind hash table entries: 4096 (order: 2, 16384 bytes)
[    0.318871] TCP: Hash tables configured (established 4096 bind 4096)
[    0.319059] UDP hash table entries: 256 (order: 0, 4096 bytes)
[    0.319109] UDP-Lite hash table entries: 256 (order: 0, 4096 bytes)
[    0.319495] NET: Registered protocol family 1
[    0.320282] RPC: Registered named UNIX socket transport module.
[    0.320312] RPC: Registered udp transport module.
[    0.320328] RPC: Registered tcp transport module.
[    0.320344] RPC: Registered tcp NFSv4.1 backchannel transport module.
[    0.322034] CPU PMU: Failed to parse <no-node>/interrupt-affinity[0]
[    0.322216] hw perfevents: enabled with armv7_cortex_a8 PMU driver, 5 coe
[    0.326169] futex hash table entries: 256 (order: -1, 3072 bytes)
[    0.349475] NFS: Registering the id_resolver key type
[    0.349612] Key type id_resolver registered
[    0.349632] Key type id_legacy registered
[    0.349780] romfs: ROMFS MTD (C) 2007 Red Hat, Inc.
[    0.356378] Block layer SCSI generic (bsg) driver version 0.4 loaded (ma)
[    0.356725] io scheduler noop registered
[    0.356762] io scheduler deadline registered
[    0.357187] io scheduler cfq registered (default)
[    0.363124] pinctrl-single 44e10800.pinmux: 142 pins at pa f9e10800 size8
[    0.519424] omap_uart 44e09000.serial: no wakeirq for uart0
[    0.519806] 44e09000.serial: ttyO0 at MMIO 0x44e09000 (irq = 154, base_b0
[    1.162190] console [ttyO0] enabled
[    1.168378] omap_rng 48310000.rng: OMAP Random Number Generator ver. 20
[    1.175952] [drm] Initialized drm 1.1.0 20060810
[    1.206927] brd: module loaded
[    1.211765] mtdoops: mtd device (mtddev=name/number) must be supplied
[    1.222387] ehci_hcd: USB 2.0 'Enhanced' Host Controller (EHCI) Driver
[    1.229274] ehci-omap: OMAP-EHCI Host Controller driver
[    1.237756] 47401300.usb-phy supply vcc not found, using dummy regulator
[    1.247947] musb-hdrc musb-hdrc.0.auto: Need DT for the DMA engine.
[    1.255055] musb-hdrc musb-hdrc.0.auto: MUSB HDRC host driver
[    1.261780] musb-hdrc musb-hdrc.0.auto: new USB bus registered, assigned1
[    1.270479] usb usb1: New USB device found, idVendor=1d6b, idProduct=0002
[    1.277688] usb usb1: New USB device strings: Mfr=3, Product=2, SerialNu1
[    1.285316] usb usb1: Product: MUSB HDRC host driver
[    1.290539] usb usb1: Manufacturer: Linux 4.1.0-rc1-tpp musb-hcd
[    1.296886] usb usb1: SerialNumber: musb-hdrc.0.auto
[    1.303786] hub 1-0:1.0: USB hub found
[    1.307814] hub 1-0:1.0: 1 port detected
[    1.330332] i2c /dev entries driver
[    1.336246] omap_wdt: OMAP Watchdog Timer Rev 0x01: initial timeout 60 sc
[    1.346788] usbcore: registered new interface driver usbhid
[    1.352736] usbhid: USB HID core driver
[    1.357315] u32 classifier
[    1.360167]     Actions configured
[    1.366114] NET: Registered protocol family 10
[    1.373110] sit: IPv6 over IPv4 tunneling driver
[    1.379794] NET: Registered protocol family 17
[    1.384862] Key type dns_resolver registered
[    1.389773] omap_voltage_late_init: Voltage driver support not added
[    1.397622] ThumbEE CPU extension supported.
[    1.402248] Registering SWP/SWPB emulation handler
[    1.413394] omap-gpmc 50000000.gpmc: GPMC revision 6.0
[    1.420436] nand: device found, Manufacturer ID: 0x2c, Chip ID: 0xbc
[    1.427294] nand: Micron MT29F4G16ABBDAHC
[    1.431593] nand: 512 MiB, SLC, erase size: 128 KiB, page size: 2048, OO4
[    1.439673] nand: using OMAP_ECC_BCH8_CODE_HW ECC scheme
[    1.445501] 9 ofpart partitions found on MTD device omap2-nand.0
[    1.451858] Creating 9 MTD partitions on "omap2-nand.0":
[    1.457461] 0x000000000000-0x000000020000 : "SPL"
[    1.465320] 0x000000020000-0x000000040000 : "SPL.backup1"
[    1.473654] 0x000000040000-0x000000060000 : "SPL.backup2"
[    1.481966] 0x000000060000-0x000000080000 : "SPL.backup3"
[    1.489911] 0x000000080000-0x000000240000 : "U-Boot"
[    1.498901] 0x000000240000-0x000000260000 : "DTS"
[    1.506259] 0x000000260000-0x000000280000 : "U-Boot-ENV"
[    1.514325] 0x000000280000-0x000000780000 : "Kernel"
[    1.526187] 0x000000780000-0x000020000000 : "File-System"
[    2.022393] tps65910-rtc tps65910-rtc: tps65910_rtc_read_alarm():135
[    2.031599] tps65910-rtc tps65910-rtc: tps65910_rtc_read_alarm():154 ret0
[    2.043283] tps65910-rtc tps65910-rtc: rtc core: registered tps65910-rtc0
[    2.053950] at24 3-0050: 2048 byte 24c16 EEPROM, writable, 16 bytes/write
[    2.061185] i2c-gpio i2c@0: using pins 53 (SDA) and 48 (SCL)
[    2.067513] vdd_mpu: supplied by vbat
[    2.073532] ubi0: attaching mtd8
[    3.451046] cfg80211: Calling CRDA to update world regulatory domain
[    4.727655] ubi0: scanning is finished
[    4.744530] ubi0: attached mtd8 (name "File-System", size 504 MiB)
[    4.751125] ubi0: PEB size: 131072 bytes (128 KiB), LEB size: 126976 byts
[    4.758350] ubi0: min./max. I/O unit sizes: 2048/2048, sub-page size 512
[    4.765403] ubi0: VID header offset: 2048 (aligned 2048), data offset: 46
[    4.772745] ubi0: good PEBs: 4036, bad PEBs: 0, corrupted PEBs: 0
[    4.779148] ubi0: user volume: 1, internal volumes: 1, max. volumes coun8
[    4.786751] ubi0: max/mean erase counter: 2/0, WL threshold: 4096, image4
[    4.796270] ubi0: available PEBs: 0, total reserved PEBs: 4036, PEBs res0
[    4.806147] console [netcon0] enabled
[    4.809993] netconsole: network logging started
[    4.831956] ubi0: background thread "ubi_bgt0d" started, PID 44
[    4.880952] davinci_mdio 4a101000.mdio: davinci mdio revision 1.6
[    4.887358] davinci_mdio 4a101000.mdio: detected phy mask fffffffd
[    4.894846] libphy: 4a101000.mdio: probed
[    4.899068] davinci_mdio 4a101000.mdio: phy[1]: device 4a101000.mdio:01,G
[    4.908803] cpsw 4a100000.ethernet: Detected MACID = 00:24:77:4a:18:2c
[    4.919763] tps65910-rtc tps65910-rtc: setting system clock to 2015-05-2)
[    4.952382] UBIFS (ubi0:0): background thread "ubifs_bgt0_0" started, PI7
[    4.977903] UBIFS (ubi0:0): recovery needed
[    5.062094] UBIFS (ubi0:0): recovery completed
[    5.066895] UBIFS (ubi0:0): UBIFS: mounted UBI device 0, volume 0, name "
[    5.074704] UBIFS (ubi0:0): LEB size: 126976 bytes (124 KiB), min./max. s
[    5.085146] UBIFS (ubi0:0): FS size: 500412416 bytes (477 MiB, 3941 LEBs)
[    5.096404] UBIFS (ubi0:0): reserved for root: 0 bytes (0 KiB)
[    5.102552] UBIFS (ubi0:0): media format: w4/r0 (latest is w4/r0), UUID l
[    5.115159] VFS: Mounted root (ubifs filesystem) on device 0:14.
[    5.122485] devtmpfs: mounted
[    5.126058] Freeing unused kernel memory: 288K (c07b4000 - c07fc000)
INIT: version 2.88 booting
Starting udev
[    5.840738] udevd[77]: starting version 182
[    6.407451] random: dd urandom read with 10 bits of entropy available
[    6.431427] omap_hsmmc 47810000.mmc: Got CD GPIO
[    6.438749] vmmc: supplied by vbat
[    6.611120] cfg80211: Calling CRDA to update world regulatory domain
[    6.650141] mmc0: host does not support reading read-only switch, assumie
[    6.714238] mmc0: new high speed SD card at address 0001
[    6.755469] mmcblk0: mmc0:0001 00000 1.84 GiB 
[    6.823127]  mmcblk0: p1
INIT: Entering runlevel: 5
Configuring network interfaces... [    7.927442] net eth0: initializing cps)
[    8.011974] net eth0: phy found : id is : 0x2430c54
[    8.027118] IPv6: ADDRCONF(NETDEV_UP): eth0: link is not ready
udhcpc (v1.23.1) started
Sending discover...
[    9.771017] cfg80211: Calling CRDA to update world regulatory domain
[   11.011668] cpsw 4a100000.ethernet eth0: Link is Up - 100Mbps/Full - flox
[   11.020217] IPv6: ADDRCONF(NETDEV_CHANGE): eth0: link becomes ready
Sending discover...
Sending select for 10.1.1.100...
Lease of 10.1.1.100 obtained, lease time 21600
/etc/udhcpc.d/50default: Adding DNS 213.234.192.7
/etc/udhcpc.d/50default: Adding DNS 85.21.192.5
done.
Starting system message bus: dbus.
Starting OpenBSD Secure Shell server: sshd
done.
Starting syslogd/klogd: done

Tibbo Project System Linux 4.1.0-rc1-tpp (armv7l)
OS Build: #1 Wed May 27 15:33:07 MSK 2015
HW Date/Time: Wednesday, 27 May 2015 21:39:49
tpp login:
